export const snapshot = {};

snapshot[`submission create 1 1`] = `
stdout:
'{
  "id": "X-1",
  "created_at": "2024-03-04T12:45:31.801Z",
  "validation": {
    "id": 1,
    "url": "http://localhost:3000/api/validations/1",
    "user": {
      "uid": "keycloak"
    },
    "db": "JVar",
    "created_at": "2024-03-04T12:45:06.262Z",
    "started_at": "2024-03-04T12:45:06.769Z",
    "finished_at": "2024-03-04T12:45:06.829Z",
    "progress": "finished",
    "validity": "valid",
    "objects": [
      {
        "id": "Excel",
        "files": [
          {
            "path": "validations-1.json",
            "url": "http://localhost:3000/api/validations/1/files/validations-1.json"
          }
        ]
      }
    ],
    "results": [
      {
        "object_id": "_base",
        "validity": "valid",
        "details": null,
        "file": null
      },
      {
        "object_id": "Excel",
        "validity": "valid",
        "details": null,
        "file": {
          "path": "validations-1.json",
          "url": "http://localhost:3000/api/validations/1/files/validations-1.json"
        }
      }
    ],
    "submission": {
      "id": "X-1",
      "url": "http://localhost:3000/api/submissions/X-1"
    }
  }
}
'
stderr:
""
`;

snapshot[`submission list 1`] = `
stdout:
"ID  DB   Created            
--  --   -------            
X-1 JVar 2024-03-04 21:45:31
X-2 JVar 2024-03-04 22:07:11
"
stderr:
""
`;

snapshot[`submission show X-1 1`] = `
stdout:
"ID: X-1
URL: http://example.com/web/submissions/X-1
DB: JVar
Created: 2024-03-04 21:45:31
Validation: #1

Objects:
ID    Files             
Excel validations-1.json
"
stderr:
""
`;

snapshot[`submission get-file X-1 path/to/file 1`] = `
stdout:
"foo
"
stderr:
""
`;
